com\adso\cheng\controllers\ProductSearchServlet.class
com\adso\cheng\controllers\ExpenseServlet.class
com\adso\cheng\CreateExpensesTable.class
com\adso\cheng\utils\DbConnection.class
com\adso\cheng\utils\EmailUtil$1.class
com\adso\cheng\controllers\RegisterServlet.class
com\adso\cheng\controllers\PostSaleRequestServlet.class
com\adso\cheng\controllers\TimeTrackingServlet.class
com\adso\cheng\models\Motorcycle.class
com\adso\cheng\controllers\CheckoutServlet$1.class
com\adso\cheng\controllers\ImageServlet.class
com\adso\cheng\controllers\MotorcycleServlet.class
com\adso\cheng\DbAddUser.class
com\adso\cheng\utils\AuditLogger.class
com\adso\cheng\controllers\VisualScannerServlet.class
com\adso\cheng\models\User.class
com\adso\cheng\controllers\ResendOtpServlet.class
com\adso\cheng\models\Product.class
com\adso\cheng\controllers\ProfileServlet.class
DbUpdateAudit.class
com\adso\cheng\controllers\EmployeeServlet.class
com\adso\cheng\utils\UploadUtil.class
com\adso\cheng\controllers\LoginServlet.class
com\adso\cheng\utils\HashUtil.class
com\adso\cheng\controllers\OtpServlet.class
com\adso\cheng\controllers\FaceDataServlet.class
com\adso\cheng\controllers\InventoryServlet.class
com\adso\cheng\dao\MaintenanceDAO.class
com\adso\cheng\dao\UserDAO.class
DbUpdateGarantias.class
com\adso\cheng\controllers\CheckoutServlet.class
com\adso\cheng\utils\UpdateOnlineStatus.class
com\adso\cheng\controllers\DashboardDataServlet.class
com\adso\cheng\controllers\CashierServlet.class
com\adso\cheng\dao\MotorcycleDAO.class
com\adso\cheng\controllers\MaintenanceServlet.class
com\adso\cheng\utils\EmailUtil.class
com\adso\cheng\controllers\LogoutServlet.class
com\adso\cheng\dao\ProductDAO.class
com\adso\cheng\controllers\AdminRequestsServlet.class
com\adso\cheng\utils\DbUpdateSchema.class
com\adso\cheng\utils\AlterTable.class
