c:\Users\jhona\OneDrive\Desktop\Asama Motors Parts\asama\src\main\java\com\adso\cheng\models\Motorcycle.java
c:\Users\jhona\OneDrive\Desktop\Asama Motors Parts\asama\src\main\java\com\adso\cheng\controllers\VisualScannerServlet.java
c:\Users\jhona\OneDrive\Desktop\Asama Motors Parts\asama\src\main\java\com\adso\cheng\models\User.java
c:\Users\jhona\OneDrive\Desktop\Asama Motors Parts\asama\src\main\java\com\adso\cheng\dao\MaintenanceDAO.java
c:\Users\jhona\OneDrive\Desktop\Asama Motors Parts\asama\src\main\java\com\adso\cheng\utils\UpdateOnlineStatus.java
c:\Users\jhona\OneDrive\Desktop\Asama Motors Parts\asama\src\main\java\com\adso\cheng\models\Product.java
c:\Users\jhona\OneDrive\Desktop\Asama Motors Parts\asama\src\main\java\com\adso\cheng\controllers\DashboardDataServlet.java
c:\Users\jhona\OneDrive\Desktop\Asama Motors Parts\asama\src\main\java\com\adso\cheng\utils\AuditLogger.java
c:\Users\jhona\OneDrive\Desktop\Asama Motors Parts\asama\src\main\java\com\adso\cheng\controllers\CashierServlet.java
c:\Users\jhona\OneDrive\Desktop\Asama Motors Parts\asama\src\main\java\com\adso\cheng\controllers\ProfileServlet.java
c:\Users\jhona\OneDrive\Desktop\Asama Motors Parts\asama\src\main\java\com\adso\cheng\controllers\ExpenseServlet.java
c:\Users\jhona\OneDrive\Desktop\Asama Motors Parts\asama\src\main\java\com\adso\cheng\controllers\MaintenanceServlet.java
c:\Users\jhona\OneDrive\Desktop\Asama Motors Parts\asama\src\main\java\com\adso\cheng\controllers\FaceDataServlet.java
c:\Users\jhona\OneDrive\Desktop\Asama Motors Parts\asama\src\main\java\com\adso\cheng\controllers\LogoutServlet.java
c:\Users\jhona\OneDrive\Desktop\Asama Motors Parts\asama\src\main\java\DbUpdateGarantias.java
c:\Users\jhona\OneDrive\Desktop\Asama Motors Parts\asama\src\main\java\com\adso\cheng\utils\DbConnection.java
c:\Users\jhona\OneDrive\Desktop\Asama Motors Parts\asama\src\main\java\com\adso\cheng\utils\HashUtil.java
c:\Users\jhona\OneDrive\Desktop\Asama Motors Parts\asama\src\main\java\com\adso\cheng\controllers\EmployeeServlet.java
c:\Users\jhona\OneDrive\Desktop\Asama Motors Parts\asama\src\main\java\com\adso\cheng\controllers\PostSaleRequestServlet.java
c:\Users\jhona\OneDrive\Desktop\Asama Motors Parts\asama\src\main\java\com\adso\cheng\utils\EmailUtil.java
c:\Users\jhona\OneDrive\Desktop\Asama Motors Parts\asama\src\main\java\com\adso\cheng\utils\UploadUtil.java
c:\Users\jhona\OneDrive\Desktop\Asama Motors Parts\asama\src\main\java\com\adso\cheng\utils\AlterTable.java
c:\Users\jhona\OneDrive\Desktop\Asama Motors Parts\asama\src\main\java\DbUpdateAudit.java
c:\Users\jhona\OneDrive\Desktop\Asama Motors Parts\asama\src\main\java\com\adso\cheng\controllers\OtpServlet.java
c:\Users\jhona\OneDrive\Desktop\Asama Motors Parts\asama\src\main\java\com\adso\cheng\controllers\InventoryServlet.java
c:\Users\jhona\OneDrive\Desktop\Asama Motors Parts\asama\src\main\java\com\adso\cheng\controllers\ImageServlet.java
c:\Users\jhona\OneDrive\Desktop\Asama Motors Parts\asama\src\main\java\com\adso\cheng\CreateExpensesTable.java
c:\Users\jhona\OneDrive\Desktop\Asama Motors Parts\asama\src\main\java\com\adso\cheng\controllers\AdminRequestsServlet.java
c:\Users\jhona\OneDrive\Desktop\Asama Motors Parts\asama\src\main\java\com\adso\cheng\controllers\CheckoutServlet.java
c:\Users\jhona\OneDrive\Desktop\Asama Motors Parts\asama\src\main\java\com\adso\cheng\controllers\RegisterServlet.java
c:\Users\jhona\OneDrive\Desktop\Asama Motors Parts\asama\src\main\java\com\adso\cheng\controllers\MotorcycleServlet.java
c:\Users\jhona\OneDrive\Desktop\Asama Motors Parts\asama\src\main\java\com\adso\cheng\controllers\TimeTrackingServlet.java
c:\Users\jhona\OneDrive\Desktop\Asama Motors Parts\asama\src\main\java\com\adso\cheng\dao\UserDAO.java
c:\Users\jhona\OneDrive\Desktop\Asama Motors Parts\asama\src\main\java\com\adso\cheng\utils\DbUpdateSchema.java
c:\Users\jhona\OneDrive\Desktop\Asama Motors Parts\asama\src\main\java\com\adso\cheng\controllers\LoginServlet.java
c:\Users\jhona\OneDrive\Desktop\Asama Motors Parts\asama\src\main\java\com\adso\cheng\dao\ProductDAO.java
c:\Users\jhona\OneDrive\Desktop\Asama Motors Parts\asama\src\main\java\com\adso\cheng\controllers\ProductSearchServlet.java
c:\Users\jhona\OneDrive\Desktop\Asama Motors Parts\asama\src\main\java\com\adso\cheng\DbAddUser.java
c:\Users\jhona\OneDrive\Desktop\Asama Motors Parts\asama\src\main\java\com\adso\cheng\controllers\ResendOtpServlet.java
c:\Users\jhona\OneDrive\Desktop\Asama Motors Parts\asama\src\main\java\com\adso\cheng\dao\MotorcycleDAO.java
